G__2978$jscomp$inline_865:bl
G__2979$jscomp$inline_866:cl
JSCompiler_StaticMethods_assoc_BANG_:zg
JSCompiler_StaticMethods_cljs$core$IMultiFn$_add_method$arity$3:uh
JSCompiler_StaticMethods_cljs$core$IMultiFn$_get_method$arity$2:th
JSCompiler_StaticMethods_cljs$core$ITransientVector$_assoc_n_BANG_$arity$3:Hf
JSCompiler_StaticMethods_divide:Oa
JSCompiler_StaticMethods_fireListeners:Pl
JSCompiler_StaticMethods_getBits:Ma
JSCompiler_StaticMethods_getFragment_:Sl
JSCompiler_StaticMethods_getToken:Rl
JSCompiler_StaticMethods_isZero:Na
JSCompiler_StaticMethods_markAsRemoved:tl
JSCompiler_StaticMethods_negate:Ha
JSCompiler_StaticMethods_removeByKey:wl
JSCompiler_StaticMethods_shiftRight:Qa
JSCompiler_StaticMethods_sval:me
JSCompiler_StaticMethods_toNumber:La
JSCompiler_inline_result$jscomp$103:qk
JSCompiler_prototypeAlias:k
L 0:a
L 1:b
L 10:n
L 11:p
L 12:q
L 13:r
L 14:t
L 15:u
L 16:v
L 17:B
L 18:y
L 19:M
L 2:c
L 20:U
L 21:ra
L 22:w
L 23:Q
L 24:J
L 25:S
L 26:T
L 27:X
L 28:Y
L 29:aa
L 3:d
L 30:fa
L 31:ja
L 32:oa
L 33:Da
L 34:ta
L 35:va
L 36:za
L 37:db
L 38:Aa
L 39:Ua
L 4:e
L 40:eb
L 41:ob
L 42:Qb
L 43:yc
L 44:Zd
L 45:ym
L 46:zm
L 5:f
L 6:g
L 7:h
L 8:l
L 9:m
accountant:Ul
accountant$core:Vl
accountant$core$history:Yl
accountant$core$nav_handler:$l
accountant$core$path_exists_QMARK_:am
accountant$core$transformer_create_url:Wl
accountant$core$transformer_retrieve_token:Xl
arr$jscomp$inline_808:nk
cljs:ab
cljs$core:bb
cljs$core$ArrayChunk:oe
cljs$core$ArrayNode:ig
cljs$core$ArrayNodeIterator:mg
cljs$core$ArrayNodeSeq:tg
cljs$core$Atom:Pe
cljs$core$BitmapIndexedNode:eg
cljs$core$BitmapIndexedNode$EMPTY:hg
cljs$core$Box:Yf
cljs$core$ChunkBuffer:ne
cljs$core$ChunkedCons:pe
cljs$core$ChunkedSeq:Df
cljs$core$Cons:ie
cljs$core$ES6EntriesIterator:Lf
cljs$core$ES6Iterator:Yc
cljs$core$ES6SetEntriesIterator:Mf
cljs$core$EmptyList:fe
cljs$core$ExceptionInfo:yh
cljs$core$HashCollisionNode:qg
cljs$core$HashMapIter:vg
cljs$core$HashSetIter:Fg
cljs$core$ICollection:Cb
cljs$core$ICounted:zb
cljs$core$IEncodeJS:bh
cljs$core$IIndexed:Eb
cljs$core$IIterable:Bc
cljs$core$IKVReduce:$b
cljs$core$IList:gc
cljs$core$ILookup:Kb
cljs$core$IMap:Ob
cljs$core$IMeta:Vb
cljs$core$INext:Jb
cljs$core$IRecord:hc
cljs$core$IReduce:Yb
cljs$core$IReversible:ic
cljs$core$ISeq:Gb
cljs$core$ISeqable:dc
cljs$core$ISequential:fc
cljs$core$ISet:Tb
cljs$core$ITER_SYMBOL:xb
cljs$core$IVector:Ub
cljs$core$IndexedSeq:Vc
cljs$core$IndexedSeqIterator:pd
cljs$core$KeySeq:Bg
cljs$core$Keyword:O
cljs$core$LazySeq:le
cljs$core$List:zd
cljs$core$List$EMPTY:Xc
cljs$core$MapEntry:uf
cljs$core$MetaFn:Ed
cljs$core$MultiFn:rh
cljs$core$NeverEquiv:If
cljs$core$NodeIterator:dg
cljs$core$NodeSeq:rg
cljs$core$PROTOCOL_SENTINEL:z
cljs$core$PersistentArrayMap:A
cljs$core$PersistentArrayMap$EMPTY:Ie
cljs$core$PersistentArrayMap$HASHMAP_THRESHOLD:Tf
cljs$core$PersistentArrayMapIterator:Pf
cljs$core$PersistentArrayMapSeq:Of
cljs$core$PersistentHashMap:wg
cljs$core$PersistentHashMap$EMPTY:Uf
cljs$core$PersistentHashMap$fromArrays:yg
cljs$core$PersistentHashSet:Gg
cljs$core$PersistentHashSet$EMPTY:Ig
cljs$core$PersistentVector:P
cljs$core$PersistentVector$EMPTY:yd
cljs$core$PersistentVector$EMPTY_NODE:R
cljs$core$PersistentVector$fromArray:Af
cljs$core$RSeq:qd
cljs$core$RangedIterator:rf
cljs$core$Reduced:ed
cljs$core$StringBufferWriter:Dc
cljs$core$Symbol:Oc
cljs$core$TransientArrayMap:Sf
cljs$core$TransientHashMap:xg
cljs$core$TransientHashSet:Hg
cljs$core$TransientVector:vf
cljs$core$UUID:wh
cljs$core$ValSeq:Cg
cljs$core$Var:Rc
cljs$core$VectorNode:jf
cljs$core$Volatile:Te
cljs$core$_EQ_:Sc
cljs$core$_STAR_eval_STAR_:Bh
cljs$core$_STAR_loaded_libs_STAR_:ib
cljs$core$_STAR_print_err_fn_STAR_:gb
cljs$core$_STAR_print_fn_STAR_:fb
cljs$core$_STAR_print_level_STAR_:hb
cljs$core$_add_watch:mc
cljs$core$_as_transient:oc
cljs$core$_assoc:Mb
cljs$core$_assoc_BANG_:rc
cljs$core$_chunked_first:tc
cljs$core$_chunked_rest:uc
cljs$core$_clj__GT_js:ch
cljs$core$_conj:Db
cljs$core$_conj_BANG_:pc
cljs$core$_count:Ab
cljs$core$_deref:E
cljs$core$_dissoc:Pb
cljs$core$_drop_first:sc
cljs$core$_empty:Bb
cljs$core$_equiv:bc
cljs$core$_find:Nb
cljs$core$_first:Hb
cljs$core$_global_hierarchy:fh
cljs$core$_hash:cc
cljs$core$_indexOf$cljs$0core$0IFn$0_invoke$0arity$03:I
cljs$core$_iterator:Cc
cljs$core$_key:Rb
cljs$core$_kv_reduce:ac
cljs$core$_lastIndexOf$cljs$0core$0IFn$0_invoke$0arity$03:od
cljs$core$_lookup:Lb
cljs$core$_meta:Wb
cljs$core$_name:vc
cljs$core$_namespace:wc
cljs$core$_notify_watches:lc
cljs$core$_nth:Fb
cljs$core$_persistent_BANG_:qc
cljs$core$_reduce:Zb
cljs$core$_remove_watch:nc
cljs$core$_reset_BANG_:xc
cljs$core$_rest:Ib
cljs$core$_rseq:jc
cljs$core$_seq:ec
cljs$core$_swap_BANG_:zc
cljs$core$_val:Sb
cljs$core$_vreset_BANG_:Ac
cljs$core$_with_meta:Xb
cljs$core$_write:kc
cljs$core$aclone:yb
cljs$core$add_watch:ah
cljs$core$apply:Tc
cljs$core$apply$cljs$0core$0IFn$0_invoke$0arity$02:Be
cljs$core$apply$cljs$0core$0IFn$0_invoke$0arity$03:Ce
cljs$core$apply$cljs$0core$0IFn$0_invoke$0arity$04:De
cljs$core$apply$cljs$0core$0IFn$0_invoke$0arity$05:Ee
cljs$core$apply$cljs$0core$0IFn$0_invoke$0arity$0variadic:Fe
cljs$core$apply_to:we
cljs$core$apply_to_simple$cljs$0core$0IFn$0_invoke$0arity$03:xe
cljs$core$apply_to_simple$cljs$0core$0IFn$0_invoke$0arity$04:ye
cljs$core$apply_to_simple$cljs$0core$0IFn$0_invoke$0arity$05:ze
cljs$core$apply_to_simple$cljs$0core$0IFn$0_invoke$0arity$06:Ae
cljs$core$array_QMARK_:sb
cljs$core$array__GT_transient_hash_map:Xf
cljs$core$array_copy:Pd
cljs$core$array_for:pf
cljs$core$array_index_of:Cd
cljs$core$array_reduce$cljs$0core$0IFn$0_invoke$0arity$02:hd
cljs$core$array_reduce$cljs$0core$0IFn$0_invoke$0arity$03:id
cljs$core$array_reduce$cljs$0core$0IFn$0_invoke$0arity$04:jd
cljs$core$assoc:Bd
cljs$core$atom$cljs$0core$0IFn$0_invoke$0arity$01:Qe
cljs$core$bit_count:de
cljs$core$boolean$0:Sd
cljs$core$bounded_count:se
cljs$core$char_escapes:Qg
cljs$core$chunk_append:re
cljs$core$chunk_cons:qe
cljs$core$chunked_seq:zf
cljs$core$chunked_seq$cljs$0core$0IFn$0_invoke$0arity$04:yf
cljs$core$chunked_seq$cljs$0core$0IFn$0_invoke$0arity$05:Ef
cljs$core$chunked_seq_QMARK_:Od
cljs$core$clj__GT_js:dh
cljs$core$clone_and_set$cljs$0core$0IFn$0_invoke$0arity$03:$f
cljs$core$coll_QMARK_:Id
cljs$core$comp:Me
cljs$core$complement:Le
cljs$core$concat:ue
cljs$core$conj:xd
cljs$core$conj_BANG_:ve
cljs$core$cons:sd
cljs$core$contains_QMARK_:Td
cljs$core$count:K
cljs$core$counted_QMARK_:kd
cljs$core$create_array_node_seq:og
cljs$core$create_array_node_seq$cljs$0core$0IFn$0_invoke$0arity$01:ng
cljs$core$create_array_node_seq$cljs$0core$0IFn$0_invoke$0arity$04:ug
cljs$core$create_inode_seq:gg
cljs$core$create_inode_seq$cljs$0core$0IFn$0_invoke$0arity$01:fg
cljs$core$create_inode_seq$cljs$0core$0IFn$0_invoke$0arity$03:sg
cljs$core$create_node:kg
cljs$core$create_node$cljs$0core$0IFn$0_invoke$0arity$06:lg
cljs$core$create_node$cljs$0core$0IFn$0_invoke$0arity$07:jg
cljs$core$deref:gd
cljs$core$dissoc:Dd
cljs$core$do_assoc:qf
cljs$core$doall$cljs$0core$0IFn$0_invoke$0arity$01:Jg
cljs$core$dominates:oh
cljs$core$drop$cljs$0core$0IFn$0_invoke$0arity$02:We
cljs$core$edit_and_set$cljs$0core$0IFn$0_invoke$0arity$04:bg
cljs$core$empty_QMARK_:Hd
cljs$core$empty_ordered_hash:ad
cljs$core$empty_unordered_hash:cd
cljs$core$enable_console_print_BANG_:qb
cljs$core$equiv_map:Kf
cljs$core$equiv_sequential:rd
cljs$core$es6_iterator:Zc
cljs$core$every_QMARK_:Je
cljs$core$ex_info$cljs$0core$0IFn$0_invoke$0arity$02:zh
cljs$core$filter$cljs$0core$0IFn$0_invoke$0arity$01:Ze
cljs$core$filter$cljs$0core$0IFn$0_invoke$0arity$02:$e
cljs$core$find_and_cache_best_method:ph
cljs$core$first:G
cljs$core$get:Pc
cljs$core$get_global_hierarchy:gh
cljs$core$hash:Mc
cljs$core$hash_collision_node_find_index:pg
cljs$core$hash_map:Ag
cljs$core$hash_ordered_coll:$c
cljs$core$hash_string:Lc
cljs$core$hash_symbol:Nc
cljs$core$hash_unordered_coll:bd
cljs$core$identity:ae
cljs$core$imul:Fc
cljs$core$inc:dd
cljs$core$indexed_QMARK_:ld
cljs$core$inode_kv_reduce:cg
cljs$core$interleave:Xe
cljs$core$into:af
cljs$core$isa_QMARK_$cljs$0core$0IFn$0_invoke$0arity$03:kh
cljs$core$iter_reduce$cljs$0core$0IFn$0_invoke$0arity$02:Wd
cljs$core$iter_reduce$cljs$0core$0IFn$0_invoke$0arity$03:Xd
cljs$core$iterable_QMARK_:Uc
cljs$core$key:Vf
cljs$core$key_test:Zf
cljs$core$keys:Qf
cljs$core$keyword:je
cljs$core$linear_traversal_nth$cljs$0core$0IFn$0_invoke$0arity$03:Ad
cljs$core$list:he
cljs$core$list_QMARK_:ee
cljs$core$lookup_sentinel:Qd
cljs$core$m3_fmix:Ic
cljs$core$m3_mix_H1:Hc
cljs$core$m3_mix_K1:Gc
cljs$core$map:Ue
cljs$core$map_QMARK_:Ld
cljs$core$map_entry_QMARK_:Nf
cljs$core$map_indexed$cljs$0core$0IFn$0_invoke$0arity$02:Oe
cljs$core$mapcat$cljs$0core$0IFn$0_invoke$0arity$0variadic:Ye
cljs$core$mapv$cljs$0core$0IFn$0_invoke$0arity$02:bf
cljs$core$merge:Dg
cljs$core$merge_with$cljs$0core$0IFn$0_invoke$0arity$0variadic:Eg
cljs$core$meta:Gd
cljs$core$missing_protocol:vb
cljs$core$name:ke
cljs$core$native_satisfies_QMARK_:ub
cljs$core$never_equiv:Jf
cljs$core$new_path:mf
cljs$core$next:H
cljs$core$nil_QMARK_:rb
cljs$core$nil_iter:Ge
cljs$core$not:tb
cljs$core$nth:nd
cljs$core$nth$cljs$0core$0IFn$0_invoke$0arity$02:md
cljs$core$nth$cljs$0core$0IFn$0_invoke$0arity$03:N
cljs$core$parents$cljs$0core$0IFn$0_invoke$0arity$01:lh
cljs$core$partial$cljs$0core$0IFn$0_invoke$0arity$02:Ne
cljs$core$partition$cljs$0core$0IFn$0_invoke$0arity$03:df
cljs$core$pr_opts:jb
cljs$core$pr_sb_with_opts:Yg
cljs$core$pr_sequential_writer:Ng
cljs$core$pr_str_STAR_:Ec
cljs$core$pr_writer:Ug
cljs$core$pr_writer_impl:Tg
cljs$core$prefers_STAR_:nh
cljs$core$prim_seq$cljs$0core$0IFn$0_invoke$0arity$02:td
cljs$core$print_map:Vg
cljs$core$print_meta_QMARK_:Sg
cljs$core$print_prefix_map:Zg
cljs$core$push_tail:nf
cljs$core$pv_fresh_node:kf
cljs$core$pv_reduce$cljs$0core$0IFn$0_invoke$0arity$04:sf
cljs$core$pv_reduce$cljs$0core$0IFn$0_invoke$0arity$05:tf
cljs$core$quot:ce
cljs$core$quote_string:Rg
cljs$core$random_uuid:xh
cljs$core$re_find:Lg
cljs$core$re_matches:Kg
cljs$core$re_seq:Mg
cljs$core$record_QMARK_:Md
cljs$core$reduce:Vd
cljs$core$reduce$cljs$0core$0IFn$0_invoke$0arity$02:Yd
cljs$core$reduce$cljs$0core$0IFn$0_invoke$0arity$03:Ud
cljs$core$reduce_kv:$d
cljs$core$reduced_QMARK_:fd
cljs$core$remove_pair:ag
cljs$core$reset_BANG_:Re
cljs$core$reset_cache:mh
cljs$core$rest:Wc
cljs$core$reverse:ge
cljs$core$seq:F
cljs$core$seq_QMARK_:Rd
cljs$core$seq_reduce:vd
cljs$core$seq_reduce$cljs$0core$0IFn$0_invoke$0arity$02:ud
cljs$core$seq_reduce$cljs$0core$0IFn$0_invoke$0arity$03:wd
cljs$core$sequential_QMARK_:Kd
cljs$core$set_QMARK_:Jd
cljs$core$some:Ke
cljs$core$spread:te
cljs$core$str:D
cljs$core$string_hash_cache:Jc
cljs$core$string_hash_cache_count:Kc
cljs$core$swap_BANG_:Se
cljs$core$symbol:Qc
cljs$core$t_cljs$0core1711:cb
cljs$core$tail_off:lf
cljs$core$take$cljs$0core$0IFn$0_invoke$0arity$02:Ve
cljs$core$tapset:Ah
cljs$core$throw_no_method_error:qh
cljs$core$transduce$cljs$0core$0IFn$0_invoke$0arity$04:be
cljs$core$truth_:C
cljs$core$tv_editable_root:wf
cljs$core$tv_editable_tail:xf
cljs$core$tv_ensure_editable:Ff
cljs$core$tv_push_tail:Gf
cljs$core$type__GT_str:wb
cljs$core$unchecked_array_for:of
cljs$core$update$cljs$0core$0IFn$0_invoke$0arity$03:ff
cljs$core$update_in:ef
cljs$core$val:Wf
cljs$core$vals:Rf
cljs$core$vec:Bf
cljs$core$vector:Cf
cljs$core$vector_QMARK_:Nd
cljs$core$with_meta:Fd
cljs$core$write_all$cljs$0core$0IFn$0_invoke$0arity$0variadic:Pg
cljs$cst$keyword$ADVERTISING:Ri
cljs$cst$keyword$ALL:bi
cljs$cst$keyword$ANATOMY:Dh
cljs$cst$keyword$ANIMATION:$h
cljs$cst$keyword$CHECKOUT:bj
cljs$cst$keyword$FACTS:Ih
cljs$cst$keyword$MISC:Zi
cljs$cst$keyword$MODELS:nj
cljs$cst$keyword$NATURE:ti
cljs$cst$keyword$SCIENCE:kj
cljs$cst$keyword$TYPOGRAPHY:Th
cljs$cst$keyword$_STAR_:Li
cljs$cst$keyword$after_DASH_render:Bi
cljs$cst$keyword$alt_DASH_impl:Wg
cljs$cst$keyword$ancestors:jh
cljs$cst$keyword$arglists:Nh
cljs$cst$keyword$arrows:Oh
cljs$cst$keyword$before_DASH_render:Ki
cljs$cst$keyword$category:oj
cljs$cst$keyword$child_DASH_context:ni
cljs$cst$keyword$class:fi
cljs$cst$keyword$className:ij
cljs$cst$keyword$class_DASH_properties:Kh
cljs$cst$keyword$column:Yi
cljs$cst$keyword$content:Hh
cljs$cst$keyword$cost:Zh
cljs$cst$keyword$default:sh
cljs$cst$keyword$desc:ui
cljs$cst$keyword$descendants:ih
cljs$cst$keyword$did_DASH_catch:Ci
cljs$cst$keyword$did_DASH_mount:Ei
cljs$cst$keyword$did_DASH_remount:Ai
cljs$cst$keyword$did_DASH_update:Uh
cljs$cst$keyword$doc:Jh
cljs$cst$keyword$down:Ti
cljs$cst$keyword$dup:nb
cljs$cst$keyword$end_DASH_column:ri
cljs$cst$keyword$end_DASH_line:Vh
cljs$cst$keyword$fallback_DASH_impl:Xg
cljs$cst$keyword$file:ej
cljs$cst$keyword$flush_DASH_on_DASH_newline:kb
cljs$cst$keyword$for:gj
cljs$cst$keyword$frame:Hi
cljs$cst$keyword$hierarchy:Vi
cljs$cst$keyword$htmlFor:ci
cljs$cst$keyword$id:hj
cljs$cst$keyword$image:Gh
cljs$cst$keyword$img_src:W
cljs$cst$keyword$img_txt:V
cljs$cst$keyword$init:Oi
cljs$cst$keyword$introOn:Mi
cljs$cst$keyword$isTouch:aj
cljs$cst$keyword$is_video:ii
cljs$cst$keyword$item_number:Ji
cljs$cst$keyword$key_DASH_fn:vi
cljs$cst$keyword$keyword_DASH_fn:eh
cljs$cst$keyword$left:Ph
cljs$cst$keyword$line:Lh
cljs$cst$keyword$list:Ui
cljs$cst$keyword$meta:mb
cljs$cst$keyword$more_DASH_marker:Og
cljs$cst$keyword$name:oi
cljs$cst$keyword$ns:Ch
cljs$cst$keyword$overlay:rj
cljs$cst$keyword$overlay_image_num:xi
cljs$cst$keyword$overlay_image_src:Wh
cljs$cst$keyword$overlay_thumbs_src:fj
cljs$cst$keyword$overlay_txt:Eh
cljs$cst$keyword$overlay_types:Wi
cljs$cst$keyword$overlay_vertical_index:qj
cljs$cst$keyword$page:qi
cljs$cst$keyword$parents:hh
cljs$cst$keyword$patch:cj
cljs$cst$keyword$pin:ei
cljs$cst$keyword$poster:ai
cljs$cst$keyword$print_DASH_length:pb
cljs$cst$keyword$readably:lb
cljs$cst$keyword$right:Rh
cljs$cst$keyword$rum_DOT_reactive_SLASH_key:si
cljs$cst$keyword$rum_DOT_reactive_SLASH_refs:Fi
cljs$cst$keyword$rum_SLASH_args:Ni
cljs$cst$keyword$rum_SLASH_class:Si
cljs$cst$keyword$rum_SLASH_component_DASH_stack:di
cljs$cst$keyword$rum_SLASH_react_DASH_component:Gi
cljs$cst$keyword$secretary_DOT_core_SLASH_map:Xh
cljs$cst$keyword$secretary_DOT_core_SLASH_sequential:Qi
cljs$cst$keyword$should_DASH_update:Ii
cljs$cst$keyword$state:zi
cljs$cst$keyword$static_DASH_properties:Yh
cljs$cst$keyword$sticker:Mh
cljs$cst$keyword$style:gf
cljs$cst$keyword$tag:gi
cljs$cst$keyword$test:pi
cljs$cst$keyword$theme:mj
cljs$cst$keyword$thumbs_src:Z
cljs$cst$keyword$total:$i
cljs$cst$keyword$touchmenu_active:li
cljs$cst$keyword$types:hi
cljs$cst$keyword$up:Pi
cljs$cst$keyword$val:$g
cljs$cst$keyword$video:ki
cljs$cst$keyword$will_DASH_mount:Sh
cljs$cst$keyword$will_DASH_unmount:yi
cljs$cst$keyword$will_DASH_update:wi
cljs$cst$keyword$wrap_DASH_render:Qh
cljs$cst$symbol$clauses:mi
cljs$cst$symbol$home_DASH_page:Xi
cljs$cst$symbol$lweb_DOT_core:jj
cljs$cst$symbol$lweb_DOT_core_SLASH_home_DASH_page:lj
cljs$cst$symbol$meta1712:He
cljs$cst$symbol$meta4262:dj
cljs$cst$symbol$orig_DASH_route:Di
cljs$cst$symbol$params:pj
cljs$cst$symbol$re:Fh
cljs$cst$symbol$vec__4258:ji
cljs_react_material_ui$core$create_mui_cmp:pm
cljs_react_material_ui$core$create_mui_el:qm
cljs_react_material_ui$core$props_kebab__GT_camel__GT_js:om
cljs_react_material_ui$core$transform_keys:nm
clojure$set$rename_keys:Cj
clojure$string$capitalize:Bj
clojure$string$join$cljs$0core$0IFn$0_invoke$0arity$01:zj
clojure$string$join$cljs$0core$0IFn$0_invoke$0arity$02:Aj
clojure$walk$postwalk:Kk
clojure$walk$walk:Jk
doc$jscomp$inline_823:rk
docMode$jscomp$inline_809:ok
goog$Disposable:ml
goog$Disposable$MonitoringMode$OFF:nl
goog$UID_PROPERTY_:ka
goog$array$indexOf:Ya
goog$array$toArray:Za
goog$bind:pa
goog$bindJs_:na
goog$bindNative_:ma
goog$events$BrowserEvent:pl
goog$events$BrowserFeature$HAS_W3C_EVENT_SUPPORT:jl
goog$events$BrowserFeature$PASSIVE_EVENTS:ll
goog$events$BrowserFeature$SET_KEY_CODE_TO_PREVENT_DEFAULT:kl
goog$events$Event:ol
goog$events$EventTarget:Ol
goog$events$LISTENER_MAP_PROP_:xl
goog$events$LISTENER_WRAPPER_PROP_:Ml
goog$events$Listenable$IMPLEMENTED_BY_PROP:ql
goog$events$ListenableKey$counter_:rl
goog$events$Listener:sl
goog$events$ListenerMap:ul
goog$events$ListenerMap$findListenerIndex_:vl
goog$events$fireListener:Ll
goog$events$fireListeners_:Kl
goog$events$getListenerMap_:El
goog$events$getOnString_:Gl
goog$events$getProxy:Fl
goog$events$handleBrowserEvent_:Hl
goog$events$listen:Al
goog$events$listenOnce:Bl
goog$events$listen_:Dl
goog$events$listenerCountEstimate_:zl
goog$events$onStringMap_:yl
goog$events$unlisten:Il
goog$events$unlistenByKey:Jl
goog$events$wrapListener:Cl
goog$exportPath_:da
goog$getUid:ia
goog$global:ba
goog$history$Event:Nl
goog$history$Html5History:Ql
goog$history$Html5History$TokenTransformer:Tl
goog$inherits:qa
goog$isObject:ha
goog$isString:ca
goog$labs$userAgent$platform$isIphone:dk
goog$labs$userAgent$util$matchUserAgent:ck
goog$labs$userAgent$util$userAgent_:Zj
goog$math$Integer:Ba
goog$math$Integer$IntCache_:Ca
goog$math$Integer$ONE:Ja
goog$math$Integer$TWO_PWR_24_:Ka
goog$math$Integer$TWO_PWR_32_DBL_:Ia
goog$math$Integer$ZERO:Ga
goog$math$Integer$carry16_:Pa
goog$math$Integer$fromInt:Ea
goog$math$Integer$fromNumber:Fa
goog$nullFunction:ea
goog$object$PROTOTYPE_FIELDS_:Wa
goog$object$extend:Xa
goog$object$get:Ta
goog$object$getKeys:Ra
goog$object$getValueByKeys:Sa
goog$object$set:Va
goog$reflect$cache:xa
goog$reflect$sinkValue:wa
goog$string$StringBuffer:$a
goog$string$compareElements_:ua
goog$string$trim:sa
goog$typeOf:x
goog$uidCounter_:la
goog$userAgent$EDGE:gk
goog$userAgent$GECKO:hk
goog$userAgent$IE:fk
goog$userAgent$OPERA:ek
goog$userAgent$VERSION:lk
goog$userAgent$WEBKIT:ik
goog$userAgent$getDocumentMode_:kk
goog$userAgent$isVersionOrHigher:pk
goog$userAgent$isVersionOrHigherCache_:ya
i_2931$jscomp$inline_1219:Zk
in$$jscomp$inline_862:Vk
in$__$1$jscomp$inline_863:$k
items$jscomp$inline_1216:Wk
len$jscomp$inline_1217:Xk
lweb:bm
lweb$App$App:tm
lweb$DynamicReact:im
lweb$DynamicReact$Footer$Footer:sm
lweb$DynamicReact$Intro$Intro:rm
lweb$DynamicReact$State:jm
lweb$DynamicReact$State$State:km
lweb$consts$HomeInitial:hm
lweb$consts$counter:cm
lweb$consts$merged:dm
lweb$consts$prices:em
lweb$consts$projectList1:gm
lweb$consts$projectListInitial:fm
lweb$core:um
lweb$core$home_page:vm
lweb$core$page:wm
module$node_modules$$material_ui$core$index:mm
module$node_modules$$material_ui$core$styles$createMuiTheme:lm
module$node_modules$react$index:xj
module$node_modules$react_dom$index:yj
navigator$jscomp$inline_802:ak
navigator$jscomp$inline_805:jk
obj__$1$jscomp$inline_930:xm
out$jscomp$inline_864:al
rum$core$_STAR_reactions_STAR_:wk
rum$core$batch:Dk
rum$core$build_class:zk
rum$core$build_ctor:Ak
rum$core$build_defc:Bk
rum$core$extend_BANG_:yk
rum$core$reactive:Ik
rum$core$render:Gk
rum$core$render_all:Fk
rum$core$render_queue:Ek
rum$core$request_render:Hk
rum$core$schedule:Ck
rum$core$state:xk
rum$util$call_all:uk
rum$util$call_all$cljs$0core$0IFn$0_invoke$0arity$0variadic:vk
rum$util$collect:sk
rum$util$collect_STAR_:tk
sablono$interpreter$attributes:Xj
sablono$interpreter$controlled_input_QMARK_:Uj
sablono$interpreter$create_element:Wj
sablono$interpreter$element_class:Vj
sablono$interpreter$interpret:Rj
sablono$interpreter$interpret_seq:Yj
sablono$interpreter$update_state:Sj
sablono$interpreter$wrap_form_element:Tj
sablono$interpreter$wrapped_checked:Pj
sablono$interpreter$wrapped_input:Oj
sablono$interpreter$wrapped_select:Qj
sablono$interpreter$wrapped_textarea:Nj
sablono$normalize$attributes:Ij
sablono$normalize$children:Mj
sablono$normalize$class$0:Hj
sablono$normalize$class_name:cf
sablono$normalize$compact_map:Fj
sablono$normalize$map_lookup_QMARK_:Gj
sablono$normalize$match_tag:Lj
sablono$normalize$merge_with_class$cljs$0core$0IFn$0_invoke$0arity$0variadic:Jj
sablono$normalize$strip_css:Kj
sablono$util$camel_case:Dj
sablono$util$camel_case_keys:hf
sablono$util$element_QMARK_:Ej
secretary:Lk
secretary$core:Mk
secretary$core$_STAR_routes_STAR_:hl
secretary$core$compile_route:gl
secretary$core$decode:Sk
secretary$core$encode:Qk
secretary$core$encode_pair:vh
secretary$core$invalid_params:il
secretary$core$key_index$cljs$0core$0IFn$0_invoke$0arity$02:Rk
secretary$core$lex_STAR_:el
secretary$core$lex_route:fl
secretary$core$re_escape:dl
secretary$core$re_escape_chars:Uk
secretary$core$re_matches_STAR_:Tk
secretary$core$route_matches:Ok
secretary$core$route_value:Pk
secretary$core$t_secretary$0core4261:Nk
shadow$js:sj
shadow$js$files:tj
shadow$js$jsRequire:wj
shadow$js$process_noop:vj
shadow$js$shims:uj
t$jscomp$inline_1218:Yk
transformer$jscomp$inline_919:Zl
userAgent$jscomp$inline_803:bk
version$jscomp$inline_807:mk
